// Jest Snapshot v1, https://goo.gl/fbAQLP

exports[`Button Component should match the Button snapshot 1`] = `
<ButtonGoup>
  <div
    className="field is-grouped is-grouped-multiline has-text-centered"
  >
    <p
      className="control"
    >
      <button
        className="button"
        onClick={[Function]}
        value="ðŸ˜‚"
      >
        ðŸ˜‚
      </button>
    </p>
    <p
      className="control"
    >
      <button
        className="button"
        onClick={[Function]}
        value="ðŸ˜˜"
      >
        ðŸ˜˜
      </button>
    </p>
    <p
      className="control"
    >
      <button
        className="button"
        onClick={[Function]}
        value="ðŸ˜¢"
      >
        ðŸ˜¢
      </button>
    </p>
    <p
      className="control"
    >
      <button
        className="button"
        onClick={[Function]}
        value="ðŸ™ˆ"
      >
        ðŸ™ˆ
      </button>
    </p>
    <p
      className="control"
    >
      <button
        className="button"
        onClick={[Function]}
        value="âœŠ"
      >
        âœŠ
      </button>
    </p>
    <p
      className="control"
    >
      <button
        className="button"
        onClick={[Function]}
        value="âš¡"
      >
        âš¡
      </button>
    </p>
    <p
      className="control"
    >
      <button
        className="button"
        onClick={[Function]}
        value="ðŸ’“"
      >
        ðŸ’“
      </button>
    </p>
    <p
      className="control"
    >
      <button
        className="button"
        onClick={[Function]}
        value="ðŸ’¦"
      >
        ðŸ’¦
      </button>
    </p>
    <p
      className="control"
    >
      <button
        className="button"
        onClick={[Function]}
        value="ðŸ’…"
      >
        ðŸ’…
      </button>
    </p>
    <p
      className="control"
    >
      <button
        className="button"
        onClick={[Function]}
        value="ðŸ”ª"
      >
        ðŸ”ª
      </button>
    </p>
    <p
      className="control"
    >
      <button
        className="button"
        onClick={[Function]}
        value="ðŸ”¥"
      >
        ðŸ”¥
      </button>
    </p>
    <p
      className="control"
    >
      <button
        className="button"
        onClick={[Function]}
        value="ðŸ–•"
      >
        ðŸ–•
      </button>
    </p>
  </div>
</ButtonGoup>
`;
